// Vitest Snapshot v1, https://vitest.dev/guide/snapshot.html

exports[`country components tests > expects MAX_INITIAL_COUNTRIES_TO_DISPLAY to be 5 1`] = `5`;
